<html>
<body>
<pre>
<h1>µVision Build Log</h1>
<h2>Tool Versions:</h2>
IDE-Version: µVision V5.36.0.0
Copyright (C) 2021 ARM Ltd and ARM Germany GmbH. All rights reserved.
License Information: Emir Batuhan Özgenç, Bilkent University, LIC=----
 
Tool Versions:
Toolchain:       MDK-Lite  Version: 5.36.0.0
Toolchain Path:  C:\Keil_v5\ARM\ARMCLANG\Bin
C Compiler:      ArmClang.exe V6.16
Assembler:       Armasm.exe V6.16
Linker/Locator:  ArmLink.exe V6.16
Library Manager: ArmAr.exe V6.16
Hex Converter:   FromElf.exe V6.16
CPU DLL:         SARMCM3.DLL V5.36.0.0
Dialog DLL:      DARMCM1.DLL V1.19.4.0
Target DLL:      PEMicro\Pemicro_ArmCortexInterface.dll V1.3.0.0
Dialog DLL:      TARMCM1.DLL V1.14.4.0
 
<h2>Project:</h2>
C:\Users\ozgen\OneDrive - Bilkent University\mikrop\LAB\proje\son\tutorial_code\tutorial.uvprojx
Project File Date:  01/07/2025

<h2>Output:</h2>
*** Using Compiler 'V6.16', folder: 'C:\Keil_v5\ARM\ARMCLANG\Bin'
Rebuild target 'Target 1'
compiling system_MKL25Z4.c...
assembling startup_MKL25Z4.s...
tutorial.c(2): warning: non-portable path to file '<MKL25Z4.h>'; specified path differs in case from file name on disk [-Wnonportable-include-path]
#include <MKL25Z4.H>
         ^~~~~~~~~~~
         <MKL25Z4.h>
tutorial.c(6): warning: In file included from...
./motorcommands.h(1): warning: non-portable path to file '<MKL25Z4.h>'; specified path differs in case from file name on disk [-Wnonportable-include-path]
#include <MKL25Z4.H>
         ^~~~~~~~~~~
         <MKL25Z4.h>
./motorcommands.h(15): warning: no previous prototype for function 'delay' [-Wmissing-prototypes]
void delay(int n){while(n > 0){n --;}}
     ^
./motorcommands.h(15): note: declare 'static' if the function is not intended to be used outside of this translation unit
void delay(int n){while(n > 0){n --;}}
^
static 
./motorcommands.h(17): warning: no previous prototype for function 'motorsinit' [-Wmissing-prototypes]
void motorsinit (void) {
     ^
./motorcommands.h(17): note: declare 'static' if the function is not intended to be used outside of this translation unit
void motorsinit (void) {
^
static 
./motorcommands.h(36): warning: no previous prototype for function 'mainbrushon' [-Wmissing-prototypes]
void mainbrushon (void) { PTE->PSOR = MASK(mainbrush);}
     ^
./motorcommands.h(36): note: declare 'static' if the function is not intended to be used outside of this translation unit
void mainbrushon (void) { PTE->PSOR = MASK(mainbrush);}
^
static 
./motorcommands.h(37): warning: no previous prototype for function 'mainbrushoff' [-Wmissing-prototypes]
void mainbrushoff (void) { PTE->PCOR = MASK(mainbrush);}
     ^
./motorcommands.h(37): note: declare 'static' if the function is not intended to be used outside of this translation unit
void mainbrushoff (void) { PTE->PCOR = MASK(mainbrush);}
^
static 
./motorcommands.h(39): warning: no previous prototype for function 'stop' [-Wmissing-prototypes]
void stop(void) {PTE->PCOR = MASK(rightwheelback) | MASK(leftwheelfront) | MASK(rightwheelfront)| MASK(leftwheelback);}
     ^
./motorcommands.h(39): note: declare 'static' if the function is not intended to be used outside of this translation unit
void stop(void) {PTE->PCOR = MASK(rightwheelback) | MASK(leftwheelfront) | MASK(rightwheelfront)| MASK(leftwheelback);}
^
static 
./motorcommands.h(42): warning: no previous prototype for function 'moveforward' [-Wmissing-prototypes]
void moveforward (void) {
     ^
./motorcommands.h(42): note: declare 'static' if the function is not intended to be used outside of this translation unit
void moveforward (void) {
^
static 
./motorcommands.h(47): warning: no previous prototype for function 'moveback' [-Wmissing-prototypes]
void moveback (void) {
     ^
./motorcommands.h(47): note: declare 'static' if the function is not intended to be used outside of this translation unit
void moveback (void) {
^
static 
./motorcommands.h(55): warning: no previous prototype for function 'turnright' [-Wmissing-prototypes]
void turnright (void) {
     ^
./motorcommands.h(55): note: declare 'static' if the function is not intended to be used outside of this translation unit
void turnright (void) {
^
static 
./motorcommands.h(62): warning: no previous prototype for function 'turnleft' [-Wmissing-prototypes]
void turnleft (void) {
     ^
./motorcommands.h(62): note: declare 'static' if the function is not intended to be used outside of this translation unit
void turnleft (void) {
^
static 
tutorial.c(7): warning: In file included from...
./lcdcommands.h(21): warning: no previous prototype for function 'Delay' [-Wmissing-prototypes]
void Delay(int n){while(n > 0){n --;}}
     ^
./lcdcommands.h(21): note: declare 'static' if the function is not intended to be used outside of this translation unit
void Delay(int n){while(n > 0){n --;}}
^
static 
./lcdcommands.h(23): warning: no previous prototype for function 'LCD_setup' [-Wmissing-prototypes]
void LCD_setup(void){
     ^
./lcdcommands.h(23): note: declare 'static' if the function is not intended to be used outside of this translation unit
void LCD_setup(void){
^
static 
./lcdcommands.h(40): warning: no previous prototype for function 'enable_pulse' [-Wmissing-prototypes]
void enable_pulse(void){
     ^
./lcdcommands.h(40): note: declare 'static' if the function is not intended to be used outside of this translation unit
void enable_pulse(void){
^
static 
./lcdcommands.h(51): warning: implicit conversion changes signedness: 'int' to 'unsigned int' [-Wsign-conversion]
        PTC->PDOR |= (((command & 0x1) >> 0) << d0);
                  ~~  ~~~~~~~~~~~~~~~~~~~~~~~^~~~~
./lcdcommands.h(52): warning: implicit conversion changes signedness: 'int' to 'unsigned int' [-Wsign-conversion]
        PTC->PDOR |= (((command & 0x2) >> 1) << d1);
                  ~~  ~~~~~~~~~~~~~~~~~~~~~~~^~~~~
./lcdcommands.h(53): warning: implicit conversion changes signedness: 'int' to 'unsigned int' [-Wsign-conversion]
        PTC->PDOR |= (((command & 0x4) >> 2) << d2);
                  ~~  ~~~~~~~~~~~~~~~~~~~~~~~^~~~~
./lcdcommands.h(54): warning: implicit conversion changes signedness: 'int' to 'unsigned int' [-Wsign-conversion]
        PTC->PDOR |= (((command & 0x8) >> 3) << d3);
                  ~~  ~~~~~~~~~~~~~~~~~~~~~~~^~~~~
./lcdcommands.h(55): warning: implicit conversion changes signedness: 'int' to 'unsigned int' [-Wsign-conversion]
        PTC->PDOR |= (((command & 0x10) >> 4) << d4);
                  ~~  ~~~~~~~~~~~~~~~~~~~~~~~~^~~~~
./lcdcommands.h(56): warning: implicit conversion changes signedness: 'int' to 'unsigned int' [-Wsign-conversion]
        PTC->PDOR |= (((command & 0x20) >> 5) << d5);
                  ~~  ~~~~~~~~~~~~~~~~~~~~~~~~^~~~~
./lcdcommands.h(57): warning: implicit conversion changes signedness: 'int' to 'unsigned int' [-Wsign-conversion]
        PTC->PDOR |= (((command & 0x40) >> 6) << d6);
                  ~~  ~~~~~~~~~~~~~~~~~~~~~~~~^~~~~
./lcdcommands.h(58): warning: implicit conversion changes signedness: 'int' to 'unsigned int' [-Wsign-conversion]
        PTC->PDOR |= (((command & 0x80) >> 7) << d7);
                  ~~  ~~~~~~~~~~~~~~~~~~~~~~~~^~~~~
./lcdcommands.h(47): warning: no previous prototype for function 'send_command' [-Wmissing-prototypes]
void send_command(char command){
     ^
./lcdcommands.h(47): note: declare 'static' if the function is not intended to be used outside of this translation unit
void send_command(char command){
^
static 
./lcdcommands.h(63): warning: no previous prototype for function 'send_num' [-Wmissing-prototypes]
void send_num(unsigned long command){
     ^
./lcdcommands.h(63): note: declare 'static' if the function is not intended to be used outside of this translation unit
void send_num(unsigned long command){
^
static 
./lcdcommands.h(83): warning: implicit conversion changes signedness: 'int' to 'unsigned int' [-Wsign-conversion]
        PTC->PDOR |= (((command & 0x1) >> 0) << d0);
                  ~~  ~~~~~~~~~~~~~~~~~~~~~~~^~~~~
./lcdcommands.h(84): warning: implicit conversion changes signedness: 'int' to 'unsigned int' [-Wsign-conversion]
        PTC->PDOR |= (((command & 0x2) >> 1) << d1);
                  ~~  ~~~~~~~~~~~~~~~~~~~~~~~^~~~~
./lcdcommands.h(85): warning: implicit conversion changes signedness: 'int' to 'unsigned int' [-Wsign-conversion]
        PTC->PDOR |= (((command & 0x4) >> 2) << d2);
                  ~~  ~~~~~~~~~~~~~~~~~~~~~~~^~~~~
./lcdcommands.h(86): warning: implicit conversion changes signedness: 'int' to 'unsigned int' [-Wsign-conversion]
        PTC->PDOR |= (((command & 0x8) >> 3) << d3);
                  ~~  ~~~~~~~~~~~~~~~~~~~~~~~^~~~~
./lcdcommands.h(87): warning: implicit conversion changes signedness: 'int' to 'unsigned int' [-Wsign-conversion]
        PTC->PDOR |= (((command & 0x10) >> 4) << d4);
                  ~~  ~~~~~~~~~~~~~~~~~~~~~~~~^~~~~
./lcdcommands.h(88): warning: implicit conversion changes signedness: 'int' to 'unsigned int' [-Wsign-conversion]
        PTC->PDOR |= (((command & 0x20) >> 5) << d5);
                  ~~  ~~~~~~~~~~~~~~~~~~~~~~~~^~~~~
./lcdcommands.h(89): warning: implicit conversion changes signedness: 'int' to 'unsigned int' [-Wsign-conversion]
        PTC->PDOR |= (((command & 0x40) >> 6) << d6);
                  ~~  ~~~~~~~~~~~~~~~~~~~~~~~~^~~~~
./lcdcommands.h(90): warning: implicit conversion changes signedness: 'int' to 'unsigned int' [-Wsign-conversion]
        PTC->PDOR |= (((command & 0x80) >> 7) << d7);
                  ~~  ~~~~~~~~~~~~~~~~~~~~~~~~^~~~~
./lcdcommands.h(79): warning: no previous prototype for function 'send_data' [-Wmissing-prototypes]
void send_data(char command){
     ^
./lcdcommands.h(79): note: declare 'static' if the function is not intended to be used outside of this translation unit
void send_data(char command){
^
static 
./lcdcommands.h(94): warning: no previous prototype for function 'LCD_initialize' [-Wmissing-prototypes]
void LCD_initialize(void){
     ^
./lcdcommands.h(94): note: declare 'static' if the function is not intended to be used outside of this translation unit
void LCD_initialize(void){
^
static 
./lcdcommands.h(100): warning: no previous prototype for function 'LCD_write' [-Wmissing-prototypes]
void LCD_write(unsigned long n){
     ^
./lcdcommands.h(100): note: declare 'static' if the function is not intended to be used outside of this translation unit
void LCD_write(unsigned long n){
^
static 
./lcdcommands.h(106): warning: no previous prototype for function 'writetime' [-Wmissing-prototypes]
void writetime(unsigned long sec) {
     ^
./lcdcommands.h(106): note: declare 'static' if the function is not intended to be used outside of this translation unit
void writetime(unsigned long sec) {
^
static 
./lcdcommands.h(111): warning: no previous prototype for function 'timeleftmsg' [-Wmissing-prototypes]
void timeleftmsg(void){
     ^
./lcdcommands.h(111): note: declare 'static' if the function is not intended to be used outside of this translation unit
void timeleftmsg(void){
^
static 
./lcdcommands.h(125): warning: no previous prototype for function 'onmsg' [-Wmissing-prototypes]
void onmsg(void){
     ^
./lcdcommands.h(125): note: declare 'static' if the function is not intended to be used outside of this translation unit
void onmsg(void){
^
static 
./lcdcommands.h(137): warning: no previous prototype for function 'offmsg' [-Wmissing-prototypes]
void offmsg(void){
     ^
./lcdcommands.h(137): note: declare 'static' if the function is not intended to be used outside of this translation unit
void offmsg(void){
^
static 
tutorial.c(26): warning: no previous extern declaration for non-static variable 'timeleft' [-Wmissing-variable-declarations]
 volatile unsigned long timeleft = 0;
                        ^
tutorial.c(26): note: declare 'static' if the variable is not intended to be used outside of this translation unit
 volatile unsigned long timeleft = 0;
          ^
tutorial.c(27): warning: no previous extern declaration for non-static variable 'startstop' [-Wmissing-variable-declarations]
 volatile unsigned long startstop = 0;
                        ^
tutorial.c(27): note: declare 'static' if the variable is not intended to be used outside of this translation unit
 volatile unsigned long startstop = 0;
          ^
tutorial.c(28): warning: no previous extern declaration for non-static variable 'icount' [-Wmissing-variable-declarations]
 volatile unsigned long icount = 0;
                        ^
tutorial.c(28): note: declare 'static' if the variable is not intended to be used outside of this translation unit
 volatile unsigned long icount = 0;
          ^
tutorial.c(31): warning: no previous prototype for function 'sensorsinit' [-Wmissing-prototypes]
void sensorsinit (void) {
     ^
tutorial.c(31): note: declare 'static' if the function is not intended to be used outside of this translation unit
void sensorsinit (void) {
^
static 
tutorial.c(47): warning: no previous prototype for function 'buttonsinit' [-Wmissing-prototypes]
void buttonsinit (void){
     ^
tutorial.c(47): note: declare 'static' if the function is not intended to be used outside of this translation unit
void buttonsinit (void){
^
static 
tutorial.c(110): warning: no previous prototype for function 'PORTA_IRQHandler' [-Wmissing-prototypes]
void PORTA_IRQHandler(void){
     ^
tutorial.c(110): note: declare 'static' if the function is not intended to be used outside of this translation unit
void PORTA_IRQHandler(void){
^
static 
tutorial.c(121): warning: no previous prototype for function 'PORTD_IRQHandler' [-Wmissing-prototypes]
void PORTD_IRQHandler(void) {
     ^
tutorial.c(121): note: declare 'static' if the function is not intended to be used outside of this translation unit
void PORTD_IRQHandler(void) {
^
static 
46 warnings generated.
compiling tutorial.c...
linking...
Program Size: Code=2916 RO-data=208 RW-data=0 ZI-data=368  
".\Objects\chapter3.axf" - 0 Error(s), 46 Warning(s).

<h2>Software Packages used:</h2>

Package Vendor: ARM
                http://www.keil.com/pack/ARM.CMSIS.5.8.0.pack
                ARM.CMSIS.5.8.0
                CMSIS (Common Microcontroller Software Interface Standard)
   * Component: CORE Version: 5.5.0

Package Vendor: Keil
                https://www.keil.com/pack/Keil.Kinetis_KLxx_DFP.1.15.1.pack
                Keil.Kinetis_KLxx_DFP.1.15.1
                NXP Kinetis KLxx Series Device Support and Examples
   * Component: Startup Version: 2.5.0

<h2>Collection of Component include folders:</h2>
  .\RTE\Device\MKL25Z128xxx4
  .\RTE\_Target_1
  C:\Users\ozgen\AppData\Local\Arm\Packs\ARM\CMSIS\5.8.0\CMSIS\Core\Include
  C:\Users\ozgen\AppData\Local\Arm\Packs\Keil\Kinetis_KLxx_DFP\1.15.1\Device\Include

<h2>Collection of Component Files used:</h2>

   * Component: ARM::CMSIS:CORE:5.5.0

   * Component: Keil::Device:Startup:2.5.0
      Source file:   Device\Source\system_MKL25Z4.c
      Source file:   Device\Source\ARM\startup_MKL25Z4.s
      Include file:  Device\Source\system_MKL25Z4.h
Build Time Elapsed:  00:00:01
</pre>
</body>
</html>
